<html>
<body>
<pre>
<h1>µVision Build Log</h1>
<h2>Tool Versions:</h2>
IDE-Version: µVision V5.29.0.0
Copyright (C) 2019 ARM Ltd and ARM Germany GmbH. All rights reserved.
License Information: User Name Company Flex license: MDK Professional 5.29 (Flex): 200 user(s) (mdk_pro) Borrow: 10 Jun 2020
 
Tool Versions:
Toolchain:       MDK Professional 5.29 (Flex): 200 user(s)  Version: 5.29.0.0
Toolchain Path:  C:\Keil_v5\ARM\ARMCC\Bin
C Compiler:      Armcc.exe V5.06 update 6 (build 750)
Assembler:       Armasm.exe V5.06 update 6 (build 750)
Linker/Locator:  ArmLink.exe V5.06 update 6 (build 750)
Library Manager: ArmAr.exe V5.06 update 6 (build 750)
Hex Converter:   FromElf.exe V5.06 update 6 (build 750)
CPU DLL:         
Dialog DLL:      DCM.DLL V1.17.3.0
Target DLL:      STLink\ST-LINKIII-KEIL_SWO.dll V3.0.7.0
Dialog DLL:      TCM.DLL V1.36.5.0
 
<h2>Project:</h2>
C:\Users\Jacob Bennett\OneDrive - University of Plymouth\SOFT261\Coursework\Due April - W2\soft261_coursework_w2\Task612-mbedos54.uvprojx
Project File Date:  04/14/2020

<h2>Output:</h2>
*** Using Compiler 'V5.06 update 6 (build 750)', folder: 'C:\Keil_v5\ARM\ARMCC\Bin'
Build target 'Task612-mbedos54'
compiling main.cpp...
main.cpp(324): warning:  #1361-D: function "rtos::Thread::Thread(mbed::Callback<void ()>, osPriority, std::uint32_t, unsigned char *)"  (declared at line 98 of "mbed-os\rtos/Thread.h") was declared "deprecated"
  	samplingThread = new Thread(doSampling);
main.cpp(325): warning:  #1361-D: function "rtos::Thread::Thread(mbed::Callback<void ()>, osPriority, std::uint32_t, unsigned char *)"  (declared at line 98 of "mbed-os\rtos/Thread.h") was declared "deprecated"
  	outputThread = new Thread(terminalOut);
main.cpp(326): warning:  #1361-D: function "rtos::Thread::Thread(mbed::Callback<void ()>, osPriority, std::uint32_t, unsigned char *)"  (declared at line 98 of "mbed-os\rtos/Thread.h") was declared "deprecated"
  	inputThread = new Thread(processInput);
main.cpp(335): warning:  #111-D: statement is unreachable
  	return 0;
main.cpp: 4 warnings, 0 errors
linking...
Program Size: Code=39004 RO-data=2676 RW-data=224 ZI-data=10928  
".\BUILD\Task612-mbedos54.axf" - 0 Error(s), 4 Warning(s).

<h2>Software Packages used:</h2>

Package Vendor: Keil
                http://www.keil.com/pack/Keil.STM32F4xx_DFP.2.14.0.pack
                Keil.STM32F4xx_DFP.2.14.0
                STMicroelectronics STM32F4 Series Device Support, Drivers and Examples

<h2>Collection of Component include folders:</h2>
  .\RTE\_Task612-mbedos54
  C:\Users\Jacob Bennett\AppData\Local\Arm\Packs\Keil\STM32F4xx_DFP\2.14.0\Drivers\CMSIS\Device\ST\STM32F4xx\Include

<h2>Collection of Component Files used:</h2>
Build Time Elapsed:  00:00:04
</pre>
</body>
</html>
